AscendCL Hello World
Target: NPU device 0


============================================
  AscendCL Hello World — NPU Link Test
  Device: NPU 0
============================================

-- Step 1: ACL Init --
  [ OK ] aclInit()
  [INFO] NPU device count: 1

-- Step 2: Set Device --
  [ OK ] aclrtSetDevice()
  [INFO] Run mode: NPU (ACL_DEVICE)

-- Step 3: Create Context --
  [ OK ] aclrtCreateContext()

-- Step 4: Device Memory R/W Test --
  [ OK ] aclrtMalloc(4KB)
  [ OK ] aclrtMemcpy(H→D, 4KB)
  [ OK ] aclrtMemcpy(D→H, 4KB)
  [ OK ] H→D→H data integrity: 1024 floats matched
  [ OK ] aclrtFree()

-- Step 5: Destroy Context --
  [ OK ] aclrtDestroyContext()

-- Step 6: Reset Device --
  [ OK ] aclrtResetDevice()

-- Step 7: ACL Finalize --
  [ OK ] aclFinalize()

============================================
  ALL CHECKS PASSED
  Ascend NPU Link:      VERIFIED
  Device Memory R/W:    VERIFIED (H→D→H)
  CANN Runtime:         OPERATIONAL
============================================

Result: PASS — Ascend NPU runtime fully operational.
